0 Command smartctl -a /dev/bus/0 -d megaraid,45 

7 Serial Number:    S42VNF0K412246T

10 User Capacity:    256,060,514,304 bytes [256 GB]

14 ATA Version is:   Unknown(0x09fc) (unknown minor revision code: 0x005e)

56 SMART Attributes Data Structure revision number: 1

59   5 Reallocated_Sector_Ct   0x0033   100   100   010    Pre-fail  Always       -       0

63 179 Used_Rsvd_Blk_Cnt_Tot   0x0013   100   100   010    Pre-fail  Always       -       0

66 183 Runtime_Bad_Block       0x0013   100   100   010    Pre-fail  Always       -       0

77 SMART Self-test log structure revision number 1

81 SMART Selective self-test log data structure revision number 1

93 Command smartctl -a /dev/bus/0 -d megaraid,44 

100 Serial Number:    S42VNF0K412684F

103 User Capacity:    256,060,514,304 bytes [256 GB]

107 ATA Version is:   Unknown(0x09fc) (unknown minor revision code: 0x005e)

149 SMART Attributes Data Structure revision number: 1

152   5 Reallocated_Sector_Ct   0x0033   100   100   010    Pre-fail  Always       -       0

156 179 Used_Rsvd_Blk_Cnt_Tot   0x0013   100   100   010    Pre-fail  Always       -       0

159 183 Runtime_Bad_Block       0x0013   100   100   010    Pre-fail  Always       -       0

170 SMART Self-test log structure revision number 1

174 SMART Selective self-test log data structure revision number 1

186 Command smartctl -a /dev/bus/0 -d megaraid,109 

192 Product:              ST8000NM0075

193 Revision:             E003

194 User Capacity:        8,001,563,222,016 bytes [8.00 TB]

202 Serial number:        ZA19CCSJ0000R814FEL6

203 Device type:          disk

204 Transport protocol:   SAS

211 SMART Health Status: OK

213 Current Drive Temperature:     25 C

221 Elements in grown defect list: 0

231   number of hours powered up = 9048.42

253 Command smartctl -a /dev/bus/0 -d megaraid,108 

259 Product:              ST8000NM0075

260 Revision:             E003

261 User Capacity:        8,001,563,222,016 bytes [8.00 TB]

269 Serial number:        ZA19609T0000R811X77U

270 Device type:          disk

271 Transport protocol:   SAS

278 SMART Health Status: OK

280 Current Drive Temperature:     26 C

288 Elements in grown defect list: 0

298   number of hours powered up = 9065.65

320 Command smartctl -a /dev/bus/0 -d megaraid,107 

326 Product:              ST8000NM0075

327 Revision:             E003

328 User Capacity:        8,001,563,222,016 bytes [8.00 TB]

336 Serial number:        ZA19CCST0000R814TL62

337 Device type:          disk

338 Transport protocol:   SAS

345 SMART Health Status: OK

347 Current Drive Temperature:     26 C

355 Elements in grown defect list: 0

365   number of hours powered up = 9065.62

387 Command smartctl -a /dev/bus/0 -d megaraid,106 

393 Product:              ST8000NM0075

394 Revision:             E003

395 User Capacity:        8,001,563,222,016 bytes [8.00 TB]

403 Serial number:        ZA19DNW80000R814UXK6

404 Device type:          disk

405 Transport protocol:   SAS

412 SMART Health Status: OK

414 Current Drive Temperature:     25 C

422 Elements in grown defect list: 0

432   number of hours powered up = 9065.68

454 Command smartctl -a /dev/bus/0 -d megaraid,83 

460 Product:              ST8000NM0075

461 Revision:             E003

462 User Capacity:        8,001,563,222,016 bytes [8.00 TB]

470 Serial number:        ZA19KPED0000R816NWEJ

471 Device type:          disk

472 Transport protocol:   SAS

479 SMART Health Status: OK

481 Current Drive Temperature:     33 C

489 Elements in grown defect list: 0

499   number of hours powered up = 17877.17

521 Command smartctl -a /dev/bus/0 -d megaraid,94 

527 Product:              ST8000NM0075

528 Revision:             E003

529 User Capacity:        8,001,563,222,016 bytes [8.00 TB]

537 Serial number:        ZA197JE60000R746UCPS

538 Device type:          disk

539 Transport protocol:   SAS

546 SMART Health Status: OK

548 Current Drive Temperature:     35 C

556 Elements in grown defect list: 0

566   number of hours powered up = 17747.03

588 Command smartctl -a /dev/bus/0 -d megaraid,101 

594 Product:              ST8000NM0075

595 Revision:             E003

596 User Capacity:        8,001,563,222,016 bytes [8.00 TB]

604 Serial number:        ZA19603R0000R806UY8K

605 Device type:          disk

606 Transport protocol:   SAS

613 SMART Health Status: OK

615 Current Drive Temperature:     36 C

623 Elements in grown defect list: 0

633   number of hours powered up = 17746.87

655 Command smartctl -a /dev/bus/0 -d megaraid,96 

661 Product:              ST8000NM0075

662 Revision:             E003

663 User Capacity:        8,001,563,222,016 bytes [8.00 TB]

671 Serial number:        ZA19K3MZ0000R816NWR0

672 Device type:          disk

673 Transport protocol:   SAS

680 SMART Health Status: OK

682 Current Drive Temperature:     35 C

690 Elements in grown defect list: 0

700   number of hours powered up = 17747.10

722 Command smartctl -a /dev/bus/0 -d megaraid,88 

728 Product:              ST8000NM0075

729 Revision:             E003

730 User Capacity:        8,001,563,222,016 bytes [8.00 TB]

738 Serial number:        ZA197BFA0000R8112Q8M

739 Device type:          disk

740 Transport protocol:   SAS

747 SMART Health Status: OK

749 Current Drive Temperature:     33 C

757 Elements in grown defect list: 0

767   number of hours powered up = 17747.07

789 Command smartctl -a /dev/bus/0 -d megaraid,76 

795 Product:              ST8000NM0075

796 Revision:             E003

797 User Capacity:        8,001,563,222,016 bytes [8.00 TB]

805 Serial number:        ZA19K2BE0000R816NWC0

806 Device type:          disk

807 Transport protocol:   SAS

814 SMART Health Status: OK

816 Current Drive Temperature:     31 C

824 Elements in grown defect list: 0

834   number of hours powered up = 17747.05

856 Command smartctl -a /dev/bus/0 -d megaraid,81 

862 Product:              ST8000NM0075

863 Revision:             E003

864 User Capacity:        8,001,563,222,016 bytes [8.00 TB]

872 Serial number:        ZA19DYGB0000R814FD6P

873 Device type:          disk

874 Transport protocol:   SAS

881 SMART Health Status: OK

883 Current Drive Temperature:     35 C

891 Elements in grown defect list: 0

901   number of hours powered up = 17784.92

923 Command smartctl -a /dev/bus/0 -d megaraid,87 

929 Product:              ST8000NM0075

930 Revision:             E003

931 User Capacity:        8,001,563,222,016 bytes [8.00 TB]

939 Serial number:        ZA197CR30000R747XYFY

940 Device type:          disk

941 Transport protocol:   SAS

948 SMART Health Status: OK

950 Current Drive Temperature:     37 C

958 Elements in grown defect list: 0

968   number of hours powered up = 17747.42

990 Command smartctl -a /dev/bus/0 -d megaraid,95 

996 Product:              ST8000NM0075

997 Revision:             E003

998 User Capacity:        8,001,563,222,016 bytes [8.00 TB]

1006 Serial number:        ZA196SGQ0000R806SDHX

1007 Device type:          disk

1008 Transport protocol:   SAS

1015 SMART Health Status: OK

1017 Current Drive Temperature:     37 C

1025 Elements in grown defect list: 0

1035   number of hours powered up = 17746.97

1057 Command smartctl -a /dev/bus/0 -d megaraid,104 

1063 Product:              ST8000NM0075

1064 Revision:             E003

1065 User Capacity:        8,001,563,222,016 bytes [8.00 TB]

1073 Serial number:        ZA19KP9G0000R817R6VM

1074 Device type:          disk

1075 Transport protocol:   SAS

1082 SMART Health Status: OK

1084 Current Drive Temperature:     35 C

1092 Elements in grown defect list: 0

1102   number of hours powered up = 17877.75

1124 Command smartctl -a /dev/bus/0 -d megaraid,90 

1130 Product:              ST8000NM0075

1131 Revision:             E003

1132 User Capacity:        8,001,563,222,016 bytes [8.00 TB]

1140 Serial number:        ZA19KPA20000R817R6NZ

1141 Device type:          disk

1142 Transport protocol:   SAS

1149 SMART Health Status: OK

1151 Current Drive Temperature:     34 C

1159 Elements in grown defect list: 0

1169   number of hours powered up = 17968.72

1191 Command smartctl -a /dev/bus/0 -d megaraid,77 

1197 Product:              ST8000NM0075

1198 Revision:             E003

1199 User Capacity:        8,001,563,222,016 bytes [8.00 TB]

1207 Serial number:        ZA19K3SH0000R816N890

1208 Device type:          disk

1209 Transport protocol:   SAS

1216 SMART Health Status: OK

1218 Current Drive Temperature:     31 C

1226 Elements in grown defect list: 0

1236   number of hours powered up = 17747.28

1258 Command smartctl -a /dev/bus/0 -d megaraid,99 

1264 Product:              ST8000NM0075

1265 Revision:             E003

1266 User Capacity:        8,001,563,222,016 bytes [8.00 TB]

1274 Serial number:        ZA19DZ270000R814FCQY

1275 Device type:          disk

1276 Transport protocol:   SAS

1283 SMART Health Status: OK

1285 Current Drive Temperature:     36 C

1293 Elements in grown defect list: 0

1303   number of hours powered up = 17784.90

1325 Command smartctl -a /dev/bus/0 -d megaraid,85 

1331 Product:              ST8000NM0075

1332 Revision:             E003

1333 User Capacity:        8,001,563,222,016 bytes [8.00 TB]

1341 Serial number:        ZA1960A40000R811XBAR

1342 Device type:          disk

1343 Transport protocol:   SAS

1350 SMART Health Status: OK

1352 Current Drive Temperature:     36 C

1360 Elements in grown defect list: 0

1370   number of hours powered up = 17968.23

1392 Command smartctl -a /dev/bus/0 -d megaraid,82 

1398 Product:              ST8000NM0075

1399 Revision:             E003

1400 User Capacity:        8,001,563,222,016 bytes [8.00 TB]

1408 Serial number:        ZA19JW8E0000R816P097

1409 Device type:          disk

1410 Transport protocol:   SAS

1417 SMART Health Status: OK

1419 Current Drive Temperature:     34 C

1427 Elements in grown defect list: 0

1437   number of hours powered up = 17783.70

1459 Command smartctl -a /dev/bus/0 -d megaraid,98 

1465 Product:              ST8000NM0075

1466 Revision:             E003

1467 User Capacity:        8,001,563,222,016 bytes [8.00 TB]

1475 Serial number:        ZA19KTZZ0000R817QJ1D

1476 Device type:          disk

1477 Transport protocol:   SAS

1484 SMART Health Status: OK

1486 Current Drive Temperature:     34 C

1494 Elements in grown defect list: 0

1504   number of hours powered up = 17785.33

1526 Command smartctl -a /dev/bus/0 -d megaraid,97 

1532 Product:              ST8000NM0075

1533 Revision:             E003

1534 User Capacity:        8,001,563,222,016 bytes [8.00 TB]

1542 Serial number:        ZA19KZ2F0000R817Q4TX

1543 Device type:          disk

1544 Transport protocol:   SAS

1551 SMART Health Status: OK

1553 Current Drive Temperature:     33 C

1561 Elements in grown defect list: 0

1571   number of hours powered up = 17785.03

1593 Command smartctl -a /dev/bus/0 -d megaraid,92 

1599 Product:              ST8000NM0075

1600 Revision:             E003

1601 User Capacity:        8,001,563,222,016 bytes [8.00 TB]

1609 Serial number:        ZA19DY2D0000R814TPX1

1610 Device type:          disk

1611 Transport protocol:   SAS

1618 SMART Health Status: OK

1620 Current Drive Temperature:     31 C

1628 Elements in grown defect list: 0

1638   number of hours powered up = 17785.05

1660 Command smartctl -a /dev/bus/0 -d megaraid,91 

1666 Product:              ST8000NM0075

1667 Revision:             E003

1668 User Capacity:        8,001,563,222,016 bytes [8.00 TB]

1676 Serial number:        ZA19JTYD0000R816NVKL

1677 Device type:          disk

1678 Transport protocol:   SAS

1685 SMART Health Status: OK

1687 Current Drive Temperature:     35 C

1695 Elements in grown defect list: 0

1705   number of hours powered up = 17783.42

1727 Command smartctl -a /dev/bus/0 -d megaraid,89 

1733 Product:              ST8000NM0075

1734 Revision:             E003

1735 User Capacity:        8,001,563,222,016 bytes [8.00 TB]

1743 Serial number:        ZA19K2HN0000R816NX66

1744 Device type:          disk

1745 Transport protocol:   SAS

1752 SMART Health Status: OK

1754 Current Drive Temperature:     36 C

1762 Elements in grown defect list: 0

1772   number of hours powered up = 17783.32

1794 Command smartctl -a /dev/bus/0 -d megaraid,105 

1800 Product:              ST8000NM0075

1801 Revision:             E003

1802 User Capacity:        8,001,563,222,016 bytes [8.00 TB]

1810 Serial number:        ZA19K2XF0000R816NY34

1811 Device type:          disk

1812 Transport protocol:   SAS

1819 SMART Health Status: OK

1821 Current Drive Temperature:     34 C

1829 Elements in grown defect list: 0

1839   number of hours powered up = 17783.60

1861 Command smartctl -a /dev/bus/0 -d megaraid,103 

1867 Product:              ST8000NM0075

1868 Revision:             E003

1869 User Capacity:        8,001,563,222,016 bytes [8.00 TB]

1877 Serial number:        ZA19JW860000R816NZWP

1878 Device type:          disk

1879 Transport protocol:   SAS

1886 SMART Health Status: OK

1888 Current Drive Temperature:     37 C

1896 Elements in grown defect list: 0

1906   number of hours powered up = 17783.65

1928 Command smartctl -a /dev/bus/0 -d megaraid,78 

1934 Product:              ST8000NM0075

1935 Revision:             E003

1936 User Capacity:        8,001,563,222,016 bytes [8.00 TB]

1944 Serial number:        ZA19CSDQ0000R814UWSA

1945 Device type:          disk

1946 Transport protocol:   SAS

1953 SMART Health Status: OK

1955 Current Drive Temperature:     37 C

1963 Elements in grown defect list: 0

1973   number of hours powered up = 17762.35

1995 Command smartctl -a /dev/bus/0 -d megaraid,102 

2001 Product:              ST8000NM0075

2002 Revision:             E003

2003 User Capacity:        8,001,563,222,016 bytes [8.00 TB]

2011 Serial number:        ZA19JMCH0000R817B4RG

2012 Device type:          disk

2013 Transport protocol:   SAS

2020 SMART Health Status: OK

2022 Current Drive Temperature:     35 C

2030 Elements in grown defect list: 0

2040   number of hours powered up = 17759.38

2062 Command smartctl -a /dev/bus/0 -d megaraid,100 

2068 Product:              ST8000NM0075

2069 Revision:             E003

2070 User Capacity:        8,001,563,222,016 bytes [8.00 TB]

2078 Serial number:        ZA19KYR80000R817R43R

2079 Device type:          disk

2080 Transport protocol:   SAS

2087 SMART Health Status: OK

2089 Current Drive Temperature:     34 C

2097 Elements in grown defect list: 0

2107   number of hours powered up = 17785.45

2129 Command smartctl -a /dev/bus/0 -d megaraid,80 

2135 Product:              ST8000NM0075

2136 Revision:             E003

2137 User Capacity:        8,001,563,222,016 bytes [8.00 TB]

2145 Serial number:        ZA19KYZS0000R817Q7LA

2146 Device type:          disk

2147 Transport protocol:   SAS

2154 SMART Health Status: OK

2156 Current Drive Temperature:     34 C

2164 Elements in grown defect list: 0

2174   number of hours powered up = 17762.10

2196 Command smartctl -a /dev/bus/0 -d megaraid,93 

2202 Product:              ST8000NM0075

2203 Revision:             E003

2204 User Capacity:        8,001,563,222,016 bytes [8.00 TB]

2212 Serial number:        ZA19KYN10000R817R3MT

2213 Device type:          disk

2214 Transport protocol:   SAS

2221 SMART Health Status: OK

2223 Current Drive Temperature:     33 C

2231 Elements in grown defect list: 0

2241   number of hours powered up = 17785.38

2263 Command smartctl -a /dev/bus/0 -d megaraid,86 

2269 Product:              ST8000NM0075

2270 Revision:             E003

2271 User Capacity:        8,001,563,222,016 bytes [8.00 TB]

2279 Serial number:        ZA19JWKN0000R815Z4SP

2280 Device type:          disk

2281 Transport protocol:   SAS

2288 SMART Health Status: OK

2290 Current Drive Temperature:     35 C

2298 Elements in grown defect list: 0

2308   number of hours powered up = 17783.32

2330 Command smartctl -a /dev/bus/0 -d megaraid,79 

2336 Product:              ST8000NM0075

2337 Revision:             E003

2338 User Capacity:        8,001,563,222,016 bytes [8.00 TB]

2346 Serial number:        ZA197AV40000R8113126

2347 Device type:          disk

2348 Transport protocol:   SAS

2355 SMART Health Status: OK

2357 Current Drive Temperature:     34 C

2365 Elements in grown defect list: 0

2375   number of hours powered up = 17747.13

2397 Command smartctl -a /dev/bus/0 -d megaraid,84 

2403 Product:              ST8000NM0075

2404 Revision:             E003

2405 User Capacity:        8,001,563,222,016 bytes [8.00 TB]

2413 Serial number:        ZA19K2KA0000R816MR0L

2414 Device type:          disk

2415 Transport protocol:   SAS

2422 SMART Health Status: OK

2424 Current Drive Temperature:     33 C

2432 Elements in grown defect list: 0

2442   number of hours powered up = 17747.02

