0 Command smartctl -a /dev/bus/0 -d megaraid,32 

6 Product:              ST8000NM0075

7 Revision:             E002

8 User Capacity:        8,001,563,222,016 bytes [8.00 TB]

16 Serial number:        ZA16MRBK0000R728KXGT

17 Device type:          disk

18 Transport protocol:   SAS

25 SMART Health Status: OK

27 Current Drive Temperature:     44 C

35 Elements in grown defect list: 0

45   number of hours powered up = 32595.30

68 Command smartctl -a /dev/bus/0 -d megaraid,22 

74 Product:              ST8000NM0075

75 Revision:             E002

76 User Capacity:        8,001,563,222,016 bytes [8.00 TB]

84 Serial number:        ZA16LTMT0000R728LW51

85 Device type:          disk

86 Transport protocol:   SAS

93 SMART Health Status: OK

95 Current Drive Temperature:     43 C

103 Elements in grown defect list: 0

113   number of hours powered up = 32595.77

136 Command smartctl -a /dev/bus/0 -d megaraid,45 

142 Product:              ST8000NM0075

143 Revision:             E002

144 User Capacity:        8,001,563,222,016 bytes [8.00 TB]

152 Serial number:        ZA16LTRT0000C7280ALA

153 Device type:          disk

154 Transport protocol:   SAS

161 SMART Health Status: OK

163 Current Drive Temperature:     43 C

171 Elements in grown defect list: 0

181   number of hours powered up = 36857.80

204 Command smartctl -a /dev/bus/0 -d megaraid,64 

210 Product:              ST8000NM0075

211 Revision:             E003

212 User Capacity:        8,001,563,222,016 bytes [8.00 TB]

220 Serial number:        ZA19ATAG0000R812LQV8

221 Device type:          disk

222 Transport protocol:   SAS

229 SMART Health Status: OK

231 Current Drive Temperature:     36 C

239 Elements in grown defect list: 0

249   number of hours powered up = 9411.15

266 Command smartctl -a /dev/bus/0 -d megaraid,63 

272 Product:              ST8000NM0075

273 Revision:             E003

274 User Capacity:        8,001,563,222,016 bytes [8.00 TB]

282 Serial number:        ZA19G1YK0000R817Q90K

283 Device type:          disk

284 Transport protocol:   SAS

291 SMART Health Status: OK

293 Current Drive Temperature:     36 C

301 Elements in grown defect list: 0

311   number of hours powered up = 9500.95

333 Command smartctl -a /dev/bus/0 -d megaraid,47 

339 Product:              ST8000NM0075

340 Revision:             E002

341 User Capacity:        8,001,563,222,016 bytes [8.00 TB]

349 Serial number:        ZA16MYWS0000R723L8ZR

350 Device type:          disk

351 Transport protocol:   SAS

358 SMART Health Status: OK

360 Current Drive Temperature:     45 C

368 Elements in grown defect list: 165

378   number of hours powered up = 36858.02

401 Command smartctl -a /dev/bus/0 -d megaraid,52 

408 Serial Number:    S24ZNX0H900274M

411 User Capacity:    128,035,676,160 bytes [128 GB]

415 ATA Version is:   ACS-2, ATA8-ACS T13/1699-D revision 4c

457 SMART Attributes Data Structure revision number: 1

460   5 Reallocated_Sector_Ct   0x0033   100   100   010    Pre-fail  Always       -       0

464 179 Used_Rsvd_Blk_Cnt_Tot   0x0013   100   100   010    Pre-fail  Always       -       0

467 183 Runtime_Bad_Block       0x0013   100   100   010    Pre-fail  Always       -       0

478 SMART Self-test log structure revision number 1

482 SMART Selective self-test log data structure revision number 1

494 Command smartctl -a /dev/bus/0 -d megaraid,53 

501 Serial Number:    S24ZNX0H914664H

504 User Capacity:    128,035,676,160 bytes [128 GB]

508 ATA Version is:   ACS-2, ATA8-ACS T13/1699-D revision 4c

550 SMART Attributes Data Structure revision number: 1

553   5 Reallocated_Sector_Ct   0x0033   100   100   010    Pre-fail  Always       -       0

557 179 Used_Rsvd_Blk_Cnt_Tot   0x0013   100   100   010    Pre-fail  Always       -       0

560 183 Runtime_Bad_Block       0x0013   100   100   010    Pre-fail  Always       -       0

571 SMART Self-test log structure revision number 1

575 SMART Selective self-test log data structure revision number 1

587 Command smartctl -a /dev/bus/0 -d megaraid,48 

594 Serial Number:    S3F6NX0J902481

597 User Capacity:    1,920,383,410,176 bytes [1.92 TB]

601 ATA Version is:   ACS-2, ATA8-ACS T13/1699-D revision 4c

643 SMART Attributes Data Structure revision number: 1

646   5 Reallocated_Sector_Ct   0x0033   100   100   010    Pre-fail  Always       -       0

650 179 Used_Rsvd_Blk_Cnt_Tot   0x0013   100   100   010    Pre-fail  Always       -       0

651 180 Unused_Rsvd_Blk_Cnt_Tot 0x0013   100   100   010    Pre-fail  Always       -       10993

651 180 Unused_Rsvd_Blk_Cnt_Tot 0x0013   100   100   010    Pre-fail  Always       -       10993

654 183 Runtime_Bad_Block       0x0013   100   100   010    Pre-fail  Always       -       0

676 SMART Self-test log structure revision number 1

680 SMART Selective self-test log data structure revision number 1

693 Command smartctl -a /dev/bus/0 -d megaraid,50 

700 Serial Number:    S3F6NY0J200536

703 User Capacity:    1,920,383,410,176 bytes [1.92 TB]

707 ATA Version is:   ACS-2, ATA8-ACS T13/1699-D revision 4c

749 SMART Attributes Data Structure revision number: 1

752   5 Reallocated_Sector_Ct   0x0033   100   100   010    Pre-fail  Always       -       0

756 179 Used_Rsvd_Blk_Cnt_Tot   0x0013   100   100   010    Pre-fail  Always       -       0

757 180 Unused_Rsvd_Blk_Cnt_Tot 0x0013   100   100   010    Pre-fail  Always       -       10943

757 180 Unused_Rsvd_Blk_Cnt_Tot 0x0013   100   100   010    Pre-fail  Always       -       10943

760 183 Runtime_Bad_Block       0x0013   100   100   010    Pre-fail  Always       -       0

782 SMART Self-test log structure revision number 1

786 SMART Selective self-test log data structure revision number 1

799 Command smartctl -a /dev/bus/0 -d megaraid,49 

806 Serial Number:    S3F6NY0J200507

809 User Capacity:    1,920,383,410,176 bytes [1.92 TB]

813 ATA Version is:   ACS-2, ATA8-ACS T13/1699-D revision 4c

855 SMART Attributes Data Structure revision number: 1

858   5 Reallocated_Sector_Ct   0x0033   100   100   010    Pre-fail  Always       -       0

862 179 Used_Rsvd_Blk_Cnt_Tot   0x0013   100   100   010    Pre-fail  Always       -       0

863 180 Unused_Rsvd_Blk_Cnt_Tot 0x0013   100   100   010    Pre-fail  Always       -       10963

863 180 Unused_Rsvd_Blk_Cnt_Tot 0x0013   100   100   010    Pre-fail  Always       -       10963

866 183 Runtime_Bad_Block       0x0013   100   100   010    Pre-fail  Always       -       0

888 SMART Self-test log structure revision number 1

892 SMART Selective self-test log data structure revision number 1

905 Command smartctl -a /dev/bus/0 -d megaraid,51 

912 Serial Number:    S3F6NY0J200520

915 User Capacity:    1,920,383,410,176 bytes [1.92 TB]

919 ATA Version is:   ACS-2, ATA8-ACS T13/1699-D revision 4c

961 SMART Attributes Data Structure revision number: 1

964   5 Reallocated_Sector_Ct   0x0033   100   100   010    Pre-fail  Always       -       0

968 179 Used_Rsvd_Blk_Cnt_Tot   0x0013   100   100   010    Pre-fail  Always       -       0

969 180 Unused_Rsvd_Blk_Cnt_Tot 0x0013   100   100   010    Pre-fail  Always       -       11016

969 180 Unused_Rsvd_Blk_Cnt_Tot 0x0013   100   100   010    Pre-fail  Always       -       11016

972 183 Runtime_Bad_Block       0x0013   100   100   010    Pre-fail  Always       -       0

994 SMART Self-test log structure revision number 1

998 SMART Selective self-test log data structure revision number 1

1011 Command smartctl -a /dev/bus/0 -d megaraid,25 

1017 Product:              ST8000NM0075

1018 Revision:             E002

1019 User Capacity:        8,001,563,222,016 bytes [8.00 TB]

1027 Serial number:        ZA16LK010000C728K66W

1028 Device type:          disk

1029 Transport protocol:   SAS

1036 SMART Health Status: OK

1038 Current Drive Temperature:     45 C

1046 Elements in grown defect list: 0

1056   number of hours powered up = 36857.80

1079 Command smartctl -a /dev/bus/0 -d megaraid,27 

1085 Product:              ST8000NM0075

1086 Revision:             E002

1087 User Capacity:        8,001,563,222,016 bytes [8.00 TB]

1095 Serial number:        ZA16LJXB0000C7280C1D

1096 Device type:          disk

1097 Transport protocol:   SAS

1104 SMART Health Status: OK

1106 Current Drive Temperature:     46 C

1114 Elements in grown defect list: 0

1124   number of hours powered up = 36857.40

1147 Command smartctl -a /dev/bus/0 -d megaraid,35 

1153 Product:              ST8000NM0075

1154 Revision:             E002

1155 User Capacity:        8,001,563,222,016 bytes [8.00 TB]

1163 Serial number:        ZA16LJB00000C7280ABF

1164 Device type:          disk

1165 Transport protocol:   SAS

1172 SMART Health Status: OK

1174 Current Drive Temperature:     45 C

1182 Elements in grown defect list: 0

1192   number of hours powered up = 36857.55

1215 Command smartctl -a /dev/bus/0 -d megaraid,31 

1221 Product:              ST8000NM0075

1222 Revision:             E002

1223 User Capacity:        8,001,563,222,016 bytes [8.00 TB]

1231 Serial number:        ZA16LJ330000R728M0BU

1232 Device type:          disk

1233 Transport protocol:   SAS

1240 SMART Health Status: OK

1242 Current Drive Temperature:     44 C

1250 Elements in grown defect list: 0

1260   number of hours powered up = 36858.00

1283 Command smartctl -a /dev/bus/0 -d megaraid,44 

1289 Product:              ST8000NM0075

1290 Revision:             E002

1291 User Capacity:        8,001,563,222,016 bytes [8.00 TB]

1299 Serial number:        ZA16LHVB0000C728K8CL

1300 Device type:          disk

1301 Transport protocol:   SAS

1308 SMART Health Status: OK

1310 Current Drive Temperature:     42 C

1318 Elements in grown defect list: 0

1328   number of hours powered up = 36857.75

1351 Command smartctl -a /dev/bus/0 -d megaraid,39 

1357 Product:              ST8000NM0075

1358 Revision:             E002

1359 User Capacity:        8,001,563,222,016 bytes [8.00 TB]

1367 Serial number:        ZA16HPAS0000R728L1N5

1368 Device type:          disk

1369 Transport protocol:   SAS

1376 SMART Health Status: OK

1378 Current Drive Temperature:     38 C

1386 Elements in grown defect list: 0

1396   number of hours powered up = 36857.88

1419 Command smartctl -a /dev/bus/0 -d megaraid,21 

1425 Product:              ST8000NM0075

1426 Revision:             E002

1427 User Capacity:        8,001,563,222,016 bytes [8.00 TB]

1435 Serial number:        ZA16LJF70000R728LZGG

1436 Device type:          disk

1437 Transport protocol:   SAS

1444 SMART Health Status: OK

1446 Current Drive Temperature:     45 C

1454 Elements in grown defect list: 6

1464   number of hours powered up = 36858.00

1487 Command smartctl -a /dev/bus/0 -d megaraid,23 

1493 Product:              ST8000NM0075

1494 Revision:             E002

1495 User Capacity:        8,001,563,222,016 bytes [8.00 TB]

1503 Serial number:        ZA16LKCM0000C7282RVK

1504 Device type:          disk

1505 Transport protocol:   SAS

1512 SMART Health Status: OK

1514 Current Drive Temperature:     43 C

1522 Elements in grown defect list: 0

1532   number of hours powered up = 36857.83

1555 Command smartctl -a /dev/bus/0 -d megaraid,62 

1561 Product:              ST8000NM0075

1562 Revision:             E003

1563 User Capacity:        8,001,563,222,016 bytes [8.00 TB]

1571 Serial number:        ZA19J5LZ0000R816MLAL

1572 Device type:          disk

1573 Transport protocol:   SAS

1580 SMART Health Status: OK

1582 Current Drive Temperature:     45 C

1590 Elements in grown defect list: 0

1600   number of hours powered up = 16199.62

1625 Command smartctl -a /dev/bus/0 -d megaraid,61 

1631 Product:              ST8000NM0075

1632 Revision:             E003

1633 User Capacity:        8,001,563,222,016 bytes [8.00 TB]

1641 Serial number:        ZA19GJ200000R815J2JJ

1642 Device type:          disk

1643 Transport protocol:   SAS

1650 SMART Health Status: OK

1652 Current Drive Temperature:     44 C

1660 Elements in grown defect list: 0

1670   number of hours powered up = 16039.03

1696 Command smartctl -a /dev/bus/0 -d megaraid,60 

1702 Product:              ST8000NM0075

1703 Revision:             E003

1704 User Capacity:        8,001,563,222,016 bytes [8.00 TB]

1712 Serial number:        ZA19KTW40000R817Q5FY

1713 Device type:          disk

1714 Transport protocol:   SAS

1721 SMART Health Status: OK

1723 Current Drive Temperature:     43 C

1731 Elements in grown defect list: 0

1741   number of hours powered up = 17512.60

1779 Command smartctl -a /dev/bus/0 -d megaraid,59 

1785 Product:              ST8000NM0075

1786 Revision:             E003

1787 User Capacity:        8,001,563,222,016 bytes [8.00 TB]

1795 Serial number:        ZA1D69GN0000C905QKQE

1796 Device type:          disk

1797 Transport protocol:   SAS

1804 SMART Health Status: OK

1806 Current Drive Temperature:     41 C

1814 Elements in grown defect list: 0

1824   number of hours powered up = 16612.57

1852 Command smartctl -a /dev/bus/0 -d megaraid,58 

1858 Product:              ST8000NM0075

1859 Revision:             E003

1860 User Capacity:        8,001,563,222,016 bytes [8.00 TB]

1868 Serial number:        ZA19DNQA0000R814TS6M

1869 Device type:          disk

1870 Transport protocol:   SAS

1877 SMART Health Status: OK

1879 Current Drive Temperature:     41 C

1887 Elements in grown defect list: 0

1897   number of hours powered up = 16044.12

1923 Command smartctl -a /dev/bus/0 -d megaraid,57 

1929 Product:              ST8000NM0075

1930 Revision:             E003

1931 User Capacity:        8,001,563,222,016 bytes [8.00 TB]

1939 Serial number:        ZA19J5TT0000R816LSUD

1940 Device type:          disk

1941 Transport protocol:   SAS

1948 SMART Health Status: OK

1950 Current Drive Temperature:     38 C

1958 Elements in grown defect list: 0

1968   number of hours powered up = 16375.42

