Command smartctl -a /dev/bus/0 -d megaraid,141
smartctl 6.2 2013-07-26 r3841 [x86_64-linux-3.10.0-327.36.3.el7.x86_64] (local build)
Copyright (C) 2002-13, Bruce Allen, Christian Franke, www.smartmontools.org

=== START OF INFORMATION SECTION ===
Vendor:               SEAGATE
Product:              ST8000NM0075
Revision:             E003
User Capacity:        8,001,563,222,016 bytes [8.00 TB]
Logical block size:   512 bytes
Physical block size:  4096 bytes
Lowest aligned LBA:   0
Logical block provisioning type unreported, LBPME=0, LBPRZ=0
Rotation Rate:        7200 rpm
Form Factor:          3.5 inches
Logical Unit id:      0x5000c50094e9ae67
Serial number:        ZA19KYCD0000R817R460
Device type:          disk
Transport protocol:   SAS
Local Time is:        Sun Nov  7 14:28:56 2021 IRST
SMART support is:     Available - device has SMART capability.
SMART support is:     Enabled
Temperature Warning:  Enabled

=== START OF READ SMART DATA SECTION ===
SMART Health Status: OK

Current Drive Temperature:     32 C
Drive Trip Temperature:        60 C

Manufactured in week 46 of year 2017
Specified cycle count over device lifetime:  10000
Accumulated start-stop cycles:  111
Specified load-unload count over device lifetime:  300000
Accumulated load-unload cycles:  9987
Elements in grown defect list: 0

Vendor (Seagate) cache information
Blocks sent to initiator = 3122106176
Blocks received from initiator = 4020564048
Blocks read from cache and sent to initiator = 3786680792
Number of read and write commands whose size <= segment size = 116578111
Number of read and write commands whose size > segment size = 896988

Vendor (Seagate/Hitachi) factory information
number of hours powered up = 11060.70
number of minutes until next internal SMART test = 15

Error counter log:
Errors Corrected by           Total   Correction     Gigabytes    Total
ECC          rereads/    errors   algorithm      processed    uncorrected
fast | delayed   rewrites  corrected  invocations   [10^9 bytes]  errors
read:   634575371        0         0  634575371          0     221500.844           0
write:         0        0         0         0          0      61462.782           0
verify:  1156694        0         0   1156694          0          0.000           0

Non-medium error count:      481


[GLTSD (Global Logging Target Save Disable) set. Enable Save with '-S on']
SMART Self-test log
Num  Test              Status                 segment  LifeTime  LBA_first_err [SK ASC ASQ]
Description                              number   (hours)
# 1  Background long   Completed                   -     824                 - [-   -    -]
# 2  Background long   Completed                   -     669                 - [-   -    -]
# 3  Background long   Completed                   -     244                 - [-   -    -]
Long (extended) Self Test duration: 44164 seconds [736.1 minutes]

-=-=-=-=-=-=-=-=-=-=-=-=-=-=-=-=-=-=-=
