Command smartctl -a /dev/bus/0 -d megaraid,146
smartctl 6.2 2013-07-26 r3841 [x86_64-linux-3.10.0-327.36.3.el7.x86_64] (local build)
Copyright (C) 2002-13, Bruce Allen, Christian Franke, www.smartmontools.org

=== START OF INFORMATION SECTION ===
Vendor:               SEAGATE
Product:              ST8000NM0075
Revision:             E003
User Capacity:        8,001,563,222,016 bytes [8.00 TB]
Logical block size:   512 bytes
Physical block size:  4096 bytes
Lowest aligned LBA:   0
Logical block provisioning type unreported, LBPME=0, LBPRZ=0
Rotation Rate:        7200 rpm
Form Factor:          3.5 inches
Logical Unit id:      0x5000c50094b2553f
Serial number:        ZA1973FH0000R8112QUG
Device type:          disk
Transport protocol:   SAS
Local Time is:        Sun Nov  7 14:28:59 2021 IRST
SMART support is:     Available - device has SMART capability.
SMART support is:     Enabled
Temperature Warning:  Enabled

=== START OF READ SMART DATA SECTION ===
SMART Health Status: OK

Current Drive Temperature:     34 C
Drive Trip Temperature:        60 C

Manufactured in week 43 of year 2017
Specified cycle count over device lifetime:  10000
Accumulated start-stop cycles:  165
Specified load-unload count over device lifetime:  300000
Accumulated load-unload cycles:  3434
Elements in grown defect list: 0

Vendor (Seagate) cache information
Blocks sent to initiator = 1876011696
Blocks received from initiator = 3446775112
Blocks read from cache and sent to initiator = 1406992409
Number of read and write commands whose size <= segment size = 105728733
Number of read and write commands whose size > segment size = 867698

Vendor (Seagate/Hitachi) factory information
number of hours powered up = 10917.02
number of minutes until next internal SMART test = 5

Error counter log:
Errors Corrected by           Total   Correction     Gigabytes    Total
ECC          rereads/    errors   algorithm      processed    uncorrected
fast | delayed   rewrites  corrected  invocations   [10^9 bytes]  errors
read:   2244596067        0         0  2244596067          0     180761.275           0
write:         0        0         0         0          0      12785.047           0
verify: 254713065        0         0  254713065          0        519.150           0

Non-medium error count:      745


[GLTSD (Global Logging Target Save Disable) set. Enable Save with '-S on']
SMART Self-test log
Num  Test              Status                 segment  LifeTime  LBA_first_err [SK ASC ASQ]
Description                              number   (hours)
# 1  Background long   Completed                   -     354                 - [-   -    -]
# 2  Background long   Completed                   -      15                 - [-   -    -]
Long (extended) Self Test duration: 41540 seconds [692.3 minutes]

-=-=-=-=-=-=-=-=-=-=-=-=-=-=-=-=-=-=-=
